I'm sorry, but errors were detected in your script. Please correct the
errors listed below, and try again.


File "game/gui.rpy", line 466: invalid syntax
        gui.nvl_text_width = 
    

Ren'Py Version: Ren'Py 8.0.3.22090809
Thu Oct 27 11:27:31 2022
